// Jest Snapshot v1, https://goo.gl/fbAQLP

exports[`ContinentMap matches snapshot 1`] = `
<div
  class="sc-bdVaJa kpdFbL"
/>
`;
